// Jest Snapshot v1, https://goo.gl/fbAQLP

exports[`Test defaultGrids SVG 1`] = `"<div style=\\"width: 600px; height: 200px;\\"><svg preserveAspectRatio=\\"none\\" width=\\"100%\\" height=\\"100%\\" viewBox=\\"0 0 600 200\\"><g></g></svg></div>"`;
